// Jest Snapshot v1, https://goo.gl/fbAQLP

exports[`The Register component should render correctly into the DOM 1`] = `undefined`;
