// Jest Snapshot v1, https://goo.gl/fbAQLP

exports[`RESERVATION FORM 1`] = `
Object {
  "asFragment": [Function],
  "baseElement": <body>
    <div>
      <section
        class="image-back d-flex-col reserv-back"
      >
        <div
          class="d-flex-col form-cont gap"
        >
          <h2
            class="title-form title-reserv color"
          >
            Book
             
          </h2>
          <span
            class="d-flex reserv-desc span-desc"
          />
          <form
            class="d-flex-col gap"
          >
            <span
              id="message-error"
            />
            <input
              class="form-input reserv-input"
              id="city"
              placeholder="City"
              required=""
              type="text"
            />
            <input
              class="form-input reserv-input"
              id="date"
              max="2023-12-31 18:00"
              required=""
              type="datetime-local"
            />
            <input
              class="form-submit d-flex-col"
              type="submit"
              value="Register"
            />
          </form>
        </div>
      </section>
    </div>
  </body>,
  "container": <div>
    <section
      class="image-back d-flex-col reserv-back"
    >
      <div
        class="d-flex-col form-cont gap"
      >
        <h2
          class="title-form title-reserv color"
        >
          Book
           
        </h2>
        <span
          class="d-flex reserv-desc span-desc"
        />
        <form
          class="d-flex-col gap"
        >
          <span
            id="message-error"
          />
          <input
            class="form-input reserv-input"
            id="city"
            placeholder="City"
            required=""
            type="text"
          />
          <input
            class="form-input reserv-input"
            id="date"
            max="2023-12-31 18:00"
            required=""
            type="datetime-local"
          />
          <input
            class="form-submit d-flex-col"
            type="submit"
            value="Register"
          />
        </form>
      </div>
    </section>
  </div>,
  "debug": [Function],
  "findAllByAltText": [Function],
  "findAllByDisplayValue": [Function],
  "findAllByLabelText": [Function],
  "findAllByPlaceholderText": [Function],
  "findAllByRole": [Function],
  "findAllByTestId": [Function],
  "findAllByText": [Function],
  "findAllByTitle": [Function],
  "findByAltText": [Function],
  "findByDisplayValue": [Function],
  "findByLabelText": [Function],
  "findByPlaceholderText": [Function],
  "findByRole": [Function],
  "findByTestId": [Function],
  "findByText": [Function],
  "findByTitle": [Function],
  "getAllByAltText": [Function],
  "getAllByDisplayValue": [Function],
  "getAllByLabelText": [Function],
  "getAllByPlaceholderText": [Function],
  "getAllByRole": [Function],
  "getAllByTestId": [Function],
  "getAllByText": [Function],
  "getAllByTitle": [Function],
  "getByAltText": [Function],
  "getByDisplayValue": [Function],
  "getByLabelText": [Function],
  "getByPlaceholderText": [Function],
  "getByRole": [Function],
  "getByTestId": [Function],
  "getByText": [Function],
  "getByTitle": [Function],
  "queryAllByAltText": [Function],
  "queryAllByDisplayValue": [Function],
  "queryAllByLabelText": [Function],
  "queryAllByPlaceholderText": [Function],
  "queryAllByRole": [Function],
  "queryAllByTestId": [Function],
  "queryAllByText": [Function],
  "queryAllByTitle": [Function],
  "queryByAltText": [Function],
  "queryByDisplayValue": [Function],
  "queryByLabelText": [Function],
  "queryByPlaceholderText": [Function],
  "queryByRole": [Function],
  "queryByTestId": [Function],
  "queryByText": [Function],
  "queryByTitle": [Function],
  "rerender": [Function],
  "unmount": [Function],
}
`;
